// Jest Snapshot v1, https://goo.gl/fbAQLP

exports[`match snapshot without data DOM 1`] = `
Object {
  "asFragment": [Function],
  "baseElement": <body>
    <div>
      <div
        class="main-ranking ranking-container container"
      >
        <h2
          role="title"
        >
          ICC Cricket Ranking - Men's Batting
        </h2>
        <div
          class="ranking-btn"
        >
          <button
            class="activated"
            data-testid="testButton"
          >
             TEST 
          </button>
          <button
            class=""
            data-testid="odiButton"
          >
             ODI
          </button>
          <button
            class=""
            data-testid="t20Button"
          >
             T20
          </button>
        </div>
        <div
          class="card"
        >
          <table>
            <tbody>
              <tr>
                <th>
                  Ranking
                </th>
                <th>
                  Country Name
                </th>
                <th>
                  Position
                </th>
                <th>
                  Rating
                </th>
              </tr>
              <tr>
                <td
                  class="relative-tooltip"
                >
                  1
                  <span
                    class="tooltip"
                  >
                    1
                  </span>
                </td>
                <td
                  class="relative-tooltip"
                  data-testid="tableData"
                >
                  India
                  <span
                    class="tooltip"
                  >
                    India
                  </span>
                </td>
                <td
                  class="relative-tooltip"
                >
                  1
                  <span
                    class="tooltip"
                  >
                    1
                  </span>
                </td>
                <td
                  class="relative-tooltip"
                >
                   
                  1
                  <span
                    class="tooltip"
                  >
                    1
                  </span>
                </td>
              </tr>
            </tbody>
          </table>
        </div>
      </div>
    </div>
  </body>,
  "container": <div>
    <div
      class="main-ranking ranking-container container"
    >
      <h2
        role="title"
      >
        ICC Cricket Ranking - Men's Batting
      </h2>
      <div
        class="ranking-btn"
      >
        <button
          class="activated"
          data-testid="testButton"
        >
           TEST 
        </button>
        <button
          class=""
          data-testid="odiButton"
        >
           ODI
        </button>
        <button
          class=""
          data-testid="t20Button"
        >
           T20
        </button>
      </div>
      <div
        class="card"
      >
        <table>
          <tbody>
            <tr>
              <th>
                Ranking
              </th>
              <th>
                Country Name
              </th>
              <th>
                Position
              </th>
              <th>
                Rating
              </th>
            </tr>
            <tr>
              <td
                class="relative-tooltip"
              >
                1
                <span
                  class="tooltip"
                >
                  1
                </span>
              </td>
              <td
                class="relative-tooltip"
                data-testid="tableData"
              >
                India
                <span
                  class="tooltip"
                >
                  India
                </span>
              </td>
              <td
                class="relative-tooltip"
              >
                1
                <span
                  class="tooltip"
                >
                  1
                </span>
              </td>
              <td
                class="relative-tooltip"
              >
                 
                1
                <span
                  class="tooltip"
                >
                  1
                </span>
              </td>
            </tr>
          </tbody>
        </table>
      </div>
    </div>
  </div>,
  "debug": [Function],
  "findAllByAltText": [Function],
  "findAllByDisplayValue": [Function],
  "findAllByLabelText": [Function],
  "findAllByPlaceholderText": [Function],
  "findAllByRole": [Function],
  "findAllByTestId": [Function],
  "findAllByText": [Function],
  "findAllByTitle": [Function],
  "findByAltText": [Function],
  "findByDisplayValue": [Function],
  "findByLabelText": [Function],
  "findByPlaceholderText": [Function],
  "findByRole": [Function],
  "findByTestId": [Function],
  "findByText": [Function],
  "findByTitle": [Function],
  "getAllByAltText": [Function],
  "getAllByDisplayValue": [Function],
  "getAllByLabelText": [Function],
  "getAllByPlaceholderText": [Function],
  "getAllByRole": [Function],
  "getAllByTestId": [Function],
  "getAllByText": [Function],
  "getAllByTitle": [Function],
  "getByAltText": [Function],
  "getByDisplayValue": [Function],
  "getByLabelText": [Function],
  "getByPlaceholderText": [Function],
  "getByRole": [Function],
  "getByTestId": [Function],
  "getByText": [Function],
  "getByTitle": [Function],
  "queryAllByAltText": [Function],
  "queryAllByDisplayValue": [Function],
  "queryAllByLabelText": [Function],
  "queryAllByPlaceholderText": [Function],
  "queryAllByRole": [Function],
  "queryAllByTestId": [Function],
  "queryAllByText": [Function],
  "queryAllByTitle": [Function],
  "queryByAltText": [Function],
  "queryByDisplayValue": [Function],
  "queryByLabelText": [Function],
  "queryByPlaceholderText": [Function],
  "queryByRole": [Function],
  "queryByTestId": [Function],
  "queryByText": [Function],
  "queryByTitle": [Function],
  "rerender": [Function],
  "unmount": [Function],
}
`;
